2026-09-21 11:42:41 | [INFO   ] | Логгер успешно сконфигурирован
2026-09-21 11:42:41 | [INFO   ] | Приложение запущено
2026-09-21 11:43:06 | [INFO   ] | Запрос на регистрацию. Логин='login ', пароль=SHA256:f82a7d02e8f0a728, подтверждение=SHA256:f82a7d02e8f0a728
2026-09-21 11:43:06 | [DEBUG  ] | Валидация: логин='login ', пароль=SHA256:f82a7d02e8f0a728
2026-09-21 11:43:06 | [ERROR  ] | Ошибка валидации логина: Логин может содержать только латиницу, цифры и _
2026-09-21 11:43:06 | [WARNING] | Результат: False. Сообщение: 'Логин может содержать только латиницу, цифры и _'
2026-09-21 11:43:49 | [INFO   ] | Логгер успешно сконфигурирован
2026-09-21 11:43:49 | [INFO   ] | Приложение запущено
2026-09-21 11:44:06 | [INFO   ] | Запрос на регистрацию. Логин='login1', пароль=SHA256:65c21921ca10a850, подтверждение=SHA256:65c21921ca10a850
2026-09-21 11:44:06 | [DEBUG  ] | Валидация: логин='login1', пароль=SHA256:65c21921ca10a850
2026-09-21 11:44:06 | [ERROR  ] | Ошибка валидации пароля: Пароль может содержать только кириллицу, цифры и спецсимволы
2026-09-21 11:44:06 | [WARNING] | Результат: False. Сообщение: 'Пароль может содержать только кириллицу, цифры и спецсимволы'
2026-09-21 11:45:47 | [INFO   ] | Логгер успешно сконфигурирован
2026-09-21 11:45:47 | [INFO   ] | Приложение запущено
2026-09-21 11:45:56 | [INFO   ] | Запрос на регистрацию. Логин='login', пароль=SHA256:3102f514f96b4f4e, подтверждение=SHA256:3102f514f96b4f4e
2026-09-21 11:45:56 | [DEBUG  ] | Валидация: логин='login', пароль=SHA256:3102f514f96b4f4e
2026-09-21 11:45:56 | [INFO   ] | Валидация пройдена успешно
2026-09-21 11:45:56 | [INFO   ] | Результат: True. Сообщение: ''
2026-09-28 11:18:28 | [INFO   ] | Логгер успешно сконфигурирован
2026-09-28 11:18:28 | [INFO   ] | Приложение запущено
2026-09-28 11:18:40 | [INFO   ] | Запрос на регистрацию. Логин='gavgav', пароль=SHA256:23006393dff2f197, подтверждение=SHA256:23006393dff2f197
2026-09-28 11:18:40 | [DEBUG  ] | Валидация: логин='gavgav', пароль=SHA256:23006393dff2f197
2026-09-28 11:18:40 | [ERROR  ] | Ошибка валидации пароля: Пароль может содержать только кириллицу, цифры и спецсимволы
2026-09-28 11:18:40 | [WARNING] | Результат: False. Сообщение: 'Пароль может содержать только кириллицу, цифры и спецсимволы'
